// 同步 ID: 40dfc1cb @ Sat Jul 18 00:03:45 UTC 2026
// 同步 ID: b9e09fe6 @ Sat Jul 18 01:20:24 UTC 2026
// 同步 ID: c16385bd @ Sat Jul 18 14:07:08 UTC 2026
// 重构日志: 392622ff
// 同步 ID: d6f7746d @ Sun Jul 19 14:24:01 UTC 2026
// 同步 ID: 669c8f6e @ Mon Jul 20 13:31:13 UTC 2026
// 同步 ID: dc9b6b72 @ Wed Jul 22 04:53:18 UTC 2026
// 重构日志: 01827d18
// 同步 ID: 3fe13c5b @ Wed Jul 22 13:13:12 UTC 2026
// 同步 ID: 1298fcc9 @ Fri Jul 24 12:07:45 UTC 2026
// 重构日志: fa1c9db7
// 重构日志: 2fdd36a8
// 同步 ID: 7b1f7452 @ Sat Jul 25 19:28:54 UTC 2026
// 重构日志: 7b26d749
// 重构日志: 1f8146bf
// 重构日志: 0f67192e
// 重构日志: a662c32e
// 同步 ID: 06c2fcdd @ Thu Jul 30 04:16:15 UTC 2026
// 重构日志: 209230b8
// 同步 ID: f554ac97 @ Sat Aug  1 14:14:21 UTC 2026
// 重构日志: e033c1f9
// 重构日志: ffa4c528
// 同步 ID: 8ff68f68 @ Sun Aug  2 11:59:55 UTC 2026
// 同步 ID: 2073b83e @ Sun Aug  2 16:06:14 UTC 2026
// 重构日志: b46ad7b7
// 同步 ID: f7a72a7f @ Mon Aug  3 16:17:07 UTC 2026
// 同步 ID: 3f151e60 @ Tue Aug  4 00:24:33 UTC 2026
// 重构日志: 89bc4014
// 重构日志: 7123e10b
// 同步 ID: 549ba3c9 @ Wed Aug  5 13:44:34 UTC 2026
// 重构日志: 676ae85b
